// Vitest Snapshot v1, https://vitest.dev/guide/snapshot.html

exports[`<Card /> > should match snapshot 1`] = `
<button
  class="button"
  type="button"
>
  Load more
</button>
`;
