// Vitest Snapshot v1, https://vitest.dev/guide/snapshot.html

exports[`<TextInput /> > should match snapshot 1`] = `
<input
  class="text-input"
  placeholder="type your search"
  type="search"
  value=""
/>
`;
